[0.015s] Invoking command in '/home/kuba/PBL/build/pbl_bringup': /usr/bin/cmake /home/kuba/PBL/src/pbl_bringup -DCMAKE_INSTALL_PREFIX=/home/kuba/PBL/install/pbl_bringup
[0.036s] -- Found ament_cmake: 1.3.10 (/opt/ros/humble/share/ament_cmake/cmake)
[0.149s] -- Override CMake install command with custom implementation using symlinks instead of copying resources
[0.211s] Error parsing '/home/kuba/PBL/src/pbl_bringup/package.xml':
[0.249s] Traceback (most recent call last):
[0.249s]   File "/usr/lib/python3/dist-packages/catkin_pkg/package.py", line 610, in parse_package_string
[0.249s]     root = dom.parseString(data)
[0.250s]   File "/usr/lib/python3.10/xml/dom/minidom.py", line 2000, in parseString
[0.250s]     return expatbuilder.parseString(string)
[0.250s]   File "/usr/lib/python3.10/xml/dom/expatbuilder.py", line 925, in parseString
[0.250s]     return builder.parseString(string)
[0.250s]   File "/usr/lib/python3.10/xml/dom/expatbuilder.py", line 223, in parseString
[0.250s]     parser.Parse(string, True)
[0.251s] xml.parsers.expat.ExpatError: XML or text declaration not at start of entity: line 37, column 0
[0.251s] 
[0.251s] During handling of the above exception, another exception occurred:
[0.251s] 
[0.251s] Traceback (most recent call last):
[0.251s]   File "/opt/ros/humble/share/ament_cmake_core/cmake/core/package_xml_2_cmake.py", line 150, in <module>
[0.251s]     main()
[0.251s]   File "/opt/ros/humble/share/ament_cmake_core/cmake/core/package_xml_2_cmake.py", line 53, in main
[0.251s]     raise e
[0.251s]   File "/opt/ros/humble/share/ament_cmake_core/cmake/core/package_xml_2_cmake.py", line 49, in main
[0.251s]     package = parse_package_string(
[0.251s]   File "/usr/lib/python3/dist-packages/catkin_pkg/package.py", line 612, in parse_package_string
[0.251s]     raise InvalidPackage('The manifest contains invalid XML:\n%s' % ex, filename)
[0.251s] catkin_pkg.package.InvalidPackage: Error(s) in package '/home/kuba/PBL/src/pbl_bringup/package.xml':
[0.251s] The manifest contains invalid XML:
[0.251s] XML or text declaration not at start of entity: line 37, column 0
[0.261s] [31mCMake Error at /opt/ros/humble/share/ament_cmake_core/cmake/core/ament_package_xml.cmake:95 (message):
[0.261s]   execute_process(/usr/bin/python3
[0.262s]   /opt/ros/humble/share/ament_cmake_core/cmake/core/package_xml_2_cmake.py
[0.262s]   /home/kuba/PBL/src/pbl_bringup/package.xml
[0.262s]   /home/kuba/PBL/build/pbl_bringup/ament_cmake_core/package.cmake) returned
[0.262s]   error code 1
[0.262s] Call Stack (most recent call first):
[0.262s]   /opt/ros/humble/share/ament_cmake_core/cmake/core/ament_package_xml.cmake:49 (_ament_package_xml)
[0.262s]   /opt/ros/humble/share/ament_cmake_core/cmake/core/ament_package.cmake:63 (ament_package_xml)
[0.262s]   CMakeLists.txt:16 (ament_package)
[0.262s] 
[0.262s] [0m
[0.262s] -- Configuring incomplete, errors occurred!
[0.262s] See also "/home/kuba/PBL/build/pbl_bringup/CMakeFiles/CMakeOutput.log".
[0.264s] Invoked command in '/home/kuba/PBL/build/pbl_bringup' returned '1': /usr/bin/cmake /home/kuba/PBL/src/pbl_bringup -DCMAKE_INSTALL_PREFIX=/home/kuba/PBL/install/pbl_bringup
